

0x31a09F5A107A5214A62ec15aB3C97Dd1E4D3382b | Neumann    146    40
0xcad809e60e7B93fF7343E25F891A4959F0a2BBC7 | LaylaHifi  260    72

nickname   | title             | project id
-----------+-------------------+------------
 Neuman    | Project 1         |        135
 Neuman    | private project 1 |        158
 Neuman    | project 4         |        160 <--
 LaylaHifi | test              |        143
 LaylaHifi | Private project 2 |        149
 LaylaHifi | Private project 2 |        150
 LaylaHifi | LIFE MUST GO ON   |        162 <--
 LaylaHifi | test test test    |        170

select a.nickname, c.title, c.id as project_id from users a, artist b, project c where a.id=b.user_id and b.id = c.artist_id and a.nickname='LaylaHifi';

minty=# update project set token_address='0x032807Be1e85fcfc1Bc36Ad574b5D0cdafB25e06' where id = 160;
minty=# update project set token_address='0x65DCBeE2cd5Df261a4ed9a4F4ECF10193d063082' where id = 162;

minty=# select a.nickname, c.title, c.id as project_id, c.token_address from users a, artist b, project c where a.id=b.user_id and b.id = c.artist_id and a.nickname='Neuman';

 nickname |       title        | project_id |               token_address                
----------+--------------------+------------+--------------------------------------------
 Neuman   | Project 1          |        135 | 
 Neuman   | private project 1  |        158 | 
 Neuman   | project 4          |        160 | 0x032807Be1e85fcfc1Bc36Ad574b5D0cdafB25e06
(3 rows)

minty=# select a.nickname, c.title, c.id as project_id, c.token_address from users a, artist b, project c where a.id=b.user_id and b.id = c.artist_id and a.nickname='LaylaHifi';
 nickname  |       title       | project_id |               token_address                
-----------+-------------------+------------+--------------------------------------------
 LaylaHifi | test              |        143 | 
 LaylaHifi | Private project 2 |        149 | 
 LaylaHifi | Private project 2 |        150 | 
 LaylaHifi | test test test    |        170 | 
 LaylaHifi | LIFE MUST GO ON   |        162 | 0x65DCBeE2cd5Df261a4ed9a4F4ECF10193d063082
(5 rows)

select a.nickname, c.title, c.id as project_id, a.address, c.token_address from users a, artist b, project c where a.id=b.user_id and b.id = c.artist_id and a.nickname='LaylaHifi';


select a.id, a.nickname, b.id, b.approved from users a, artist b where a.id = b.user_id and b.approved;
 id  |    nickname    | id | approved 
-----+----------------+----+----------
 106 | Jahanzaib      | 35 | t
 103 | serifff        | 34 | t
 147 | Alice          | 41 | t
  98 | fasdfasdf      | 32 | t
 145 |                | 39 | t
  91 | hello nickname | 30 | t
  89 |                | 28 | t
 144 |                | 38 | t
 109 | minty_testing  | 36 | t
  90 |                | 29 | t
 148 | Abdullah       | 42 | t
 143 |                | 37 | t
  88 | seri           | 27 | t
 146 | Neumann        | 40 | t

.id, a.nickname, b.id, b.approved from users a, artist b where a.id = b.user_id and a.nickname = 'LaylaHifi';
 id  | nickname  | id | approved 
-----+-----------+----+----------
 248 | LaylaHifi | 75 | f

update artist set approved = true where id=57;


select a.nickname, a.address, c.title, c.id as project_id, c.token_address from users a, artist b, project c where a.id=b.user_id and b.id = c.artist_id and a.nickname='LaylaHifi';



MUMBAI
------

WETH 0xf738b83Fa52A7Ab570918Afe61b78b8E2DC6F4EF
MINTY 0x91509AD882E530f0934CA0901e3098fB6e1e3Af1 
SALE 0xE01017da9bd2DD291A05E7b3d24A1655dc9ca892
MINTY UNIQUE 0xd9dB3cCEe640EEEC9321Ddc7b4D8404665f71503
MULTI SALE 0x2576FDD593b287A941e9c61801F29541A37fD2d6 
LOCKING 0x310a6CA6cC3069C0b72D0Dd0dfa75B6F5cBFb810

MS ? 0x6eb156844eee707eFDEC3676f39a919176008121


000000000000000000000000e01017da9bd2dd291a05e7b3d24a1655dc9ca892

000000000000000000000000f738b83fa52a7ab570918afe61b78b8e2dc6f4ef00000000000000000000000031efd75bc0b5fbafc6015bd50590f4fdab6a3f22000000000000000000000000000000000000000000000000000000000000038400000000000000000000000000000000000000000000000000000000000000640000000000000000000000000000000000000000000000000000000000000401



select a.nickname, c.title, c.id as project_id, c.token_address from users a, artist b, project c where a.id=b.user_id and b.id = c.artist_id and token_address is not null;

minty=# select a.nickname, c.title, c.id as project_id, c.token_address from users a, artist b, project c where a.id=b.user_id and b.id = c.artist_id and token_address is not null;
 nickname  |      title       | project_id |               token_address                
-----------+------------------+------------+--------------------------------------------
 seri      | Glitch           |        148 | 0x12A26F74c544363800334fE86902e9667184C56a
 LaylaHifi | LIFE MUST GO ON  |        162 | 0xAe9fcDA562A0e73C861Fa6BD0d1b83B675a5D4bd
 amirfive  | test prj updated |        165 | test address
 Neuman    | project 4        |        160 | 0x285AC98218c56f78C7b67ecd6fb484DbCc46F7DA
 Virgo     | The Last Mile    |        145 | 0x3393cECf6795b01fe40dd8d60592d89aAe4e8b1c
(5 rows)


000000000000000000000000cad809e60e7b93ff7343e25f891a4959f0a2bbc70000000000000000000000002576fdd593b287a941e9c61801f29541a37fd2d600000000000000000000000000000000000000000000000000000000000000e000000000000000000000000000000000000000000000000000000000000001200000000000000000000000000000000000000000000000000000000000000064000000000000000000000000000000000000000000000000000000000000016000000000000000000000000000000000000000000000000000000000000001c00000000000000000000000000000000000000000000000000000000000000001000000000000000000000000310a6ca6cc3069c0b72d0dd0dfa75b6f5cbfb810000000000000000000000000000000000000000000000000000000000000001d596f75206e65656420746f2062652061204d494e545920706174726f6e000000000000000000000000000000000000000000000000000000000000000000000100000000000000000000000039d07f321caf5b0668459db5bcf039a462a9273d00000000000000000000000000000000000000000000000000000000000003e80000000000000000000000000000000000000000000000000000000000000002000000000000000000000000cad809e60e7b93ff7343e25f891a4959f0a2bbc700000000000000000000000000000000000000000000000000000000000001f400000000000000000000000039d07f321caf5b0668459db5bcf039a462a9273d00000000000000000000000000000000000000000000000000000000000001f4

000000000000000000000000cad809e60e7b93ff7343e25f891a4959f0a2bbc7
0000000000000000000000002576fdd593b287a941e9c61801f29541a37fd2d6
00000000000000000000000000000000000000000000000000000000000000e0
0000000000000000000000000000000000000000000000000000000000000120
0000000000000000000000000000000000000000000000000000000000000064
0000000000000000000000000000000000000000000000000000000000000160
00000000000000000000000000000000000000000000000000000000000001c0
0000000000000000000000000000000000000000000000000000000000000001
000000000000000000000000310a6ca6cc3069c0b72d0dd0dfa75b6f5cbfb810
000000000000000000000000000000000000000000000000000000000000001d
596f75206e65656420746f2062652061204d494e545920706174726f6e000000
0000000000000000000000000000000000000000000000000000000000000001
00000000000000000000000039d07f321caf5b0668459db5bcf039a462a9273d
00000000000000000000000000000000000000000000000000000000000003e8
0000000000000000000000000000000000000000000000000000000000000002
000000000000000000000000cad809e60e7b93ff7343e25f891a4959f0a2bbc7
00000000000000000000000000000000000000000000000000000000000001f4
00000000000000000000000039d07f321caf5b0668459db5bcf039a462a9273d
00000000000000000000000000000000000000000000000000000000000001f4



0000000000000000000000007ceb23fd6bc0add59e62ac25578270cff1b9f619
00000000000000000000000031efd75bc0b5fbafc6015bd50590f4fdab6a3f22
0000000000000000000000000000000000000000000000000000000000000384
0000000000000000000000000000000000000000000000000000000000000064
0000000000000000000000000000000000000000000000000000000000000401

00000000000000000000000037a8de5647d5a71e2508991a033d3e46765d92af

050 000 000 000 000 000




0000000000000000000000006eb156844eee707efdec3676f39a91917600812100000000000000000000000000000000000000000000000000000000000000e000000000000000000000000000000000000000000000000000000000000001200000000000000000000000000000000000000000000000000000000000000064000000000000000000000000000000000000000000000000000000000000016000000000000000000000000000000000000000000000000000000000000001c00000000000000000000000000000000000000000000000000000000000000001000000000000000000000000310a6ca6cc3069c0b72d0dd0dfa75b6f5cbfb810000000000000000000000000000000000000000000000000000000000000001d596f75206e65656420746f2062652061204d494e545920706174726f6e00000000000000000000000000000000000000000000000000000000000000000000010000000000000000000000001e989cd65fec9961ec26a3492b940045244e489300000000000000000000000000000000000000000000000000000000000003e800000000000000000000000000000000000000000000000000000000000000020000000000000000000000001e989cd65fec9961ec26a3492b940045244e489300000000000000000000000000000000000000000000000000000000000001f40000000000000000000000006e93deb7fda0e5a4ca8a3566785f0c7f4d0a2cb300000000000000000000000000000000000000000000000000000000000001f4


-----------
Banker 0x0EA0281db722F5642457B5E785dda24eA75f6149  balance  0.523030731700000000
Sale deployed at  0x312D9789A3Cdb47674366d733A53AEa09AE856F1 in tx 0xd847cb76782fb2189227b7e4be115e4fe7c5418e7d08f1ffd10796de208ff1c9
buyer 0x64b09c8Dbbcd2aC30A52738f758BAB3983491D7c
buyer2 0xF6E2320a2ca0e911F96385E8Bc0D4D3cb842CF2d
samourai 0xC92B78C5D3e614D172800b9781E9C0b0fA5c0deE
minty 0xf2e19A2Cd91FF9711a71B360472BB7157e92129b
patron 0x5ac4e1939b6482071F30d3C4b46707c8D3E863De
pboy 0xb0589B94E1c943AB0AEE451ea929aEAA5d8a0faa
kol 0xF76e56c43A6ddB029Bf0E5a804576bf08027E455
deploy token 0x1D7A730849645BC333e5e08DBf08a53797c22997 0x8ed17621dc94c7512da3152b1572a4917282475b870da77ce15ac8f0e5408ac3
deployed at 0x1D7A730849645BC333e5e08DBf08a53797c22997
yellow 0x6d2f1cbb1f61c158cb1650131387cd0539d429ce62b44474a56a60eea94ed52d 1
pink 0xf71fc411bc806c516cab863040d3d3842dba425f4e27cec4505502519bf0c359 1
buyer approve 0xee9c930cc1602fbbff377c7e681a472f0e0abc7c517cd2a7e24a76177b94b9b8 1
buyer2 approve 0x90eb199a1953c357e74a86238d1be3824163b6d2f29fe3a35aa02809539c76e5 1
Offer New failed to estimate gas needed: execution reverted: You have not approved this contract to sell your tokens

----
Sale : 0x312D9789A3Cdb47674366d733A53AEa09AE856F1

Banker 0x0EA0281db722F5642457B5E785dda24eA75f6149  balance  0.443129798700000000
buyer 0x64b09c8Dbbcd2aC30A52738f758BAB3983491D7c
buyer2 0xF6E2320a2ca0e911F96385E8Bc0D4D3cb842CF2d
samourai 0xC92B78C5D3e614D172800b9781E9C0b0fA5c0deE
minty 0xf2e19A2Cd91FF9711a71B360472BB7157e92129b
patron 0x5ac4e1939b6482071F30d3C4b46707c8D3E863De
pboy 0xb0589B94E1c943AB0AEE451ea929aEAA5d8a0faa
kol 0xF76e56c43A6ddB029Bf0E5a804576bf08027E455
deploy token 0xc2778fD9d61646E4d5Da696Bf8d85C5d6Cd37D86 0x2e6db23e9d734f2cfeae8bf473e5a3f248ab94cec46d9be23a762928f4d12c9c
deployed at 0xc2778fD9d61646E4d5Da696Bf8d85C5d6Cd37D86 0xc2778fD9d61646E4d5Da696Bf8d85C5d6Cd37D86
yellow 0x2a44a42b61cf76ac65803df88082272f40dbe2b3f91d8fb17c7d10c006191fa4 1
pink 0x7a2ab2b35df997491665088dbb0cb0081764da993c914bb954f4084c17e1c3d6 1
banker approve 0x1e3b26ea73091b3836359f3af34cf17fba8e4f62cdcabed7b8605e25346cd627 1
buyer approve 0x2755288bea0b5f3000b410c7af11a0df8805699a2e6d311b3aa61d71e8056353 1
buyer2 approve 0x53073e328871304088699a244871ecf231cbc438562bc0063455f122918dc399 1
tokend owned by  0x0EA0281db722F5642457B5E785dda24eA75f6149
Offer New failed to estimate gas needed: execution reverted: unauthorised

----

Banker 0x0EA0281db722F5642457B5E785dda24eA75f6149  balance  0.383188084700000000
buyer 0x64b09c8Dbbcd2aC30A52738f758BAB3983491D7c
buyer2 0xF6E2320a2ca0e911F96385E8Bc0D4D3cb842CF2d
samourai 0xC92B78C5D3e614D172800b9781E9C0b0fA5c0deE
minty 0xf2e19A2Cd91FF9711a71B360472BB7157e92129b
patron 0x5ac4e1939b6482071F30d3C4b46707c8D3E863De
pboy 0xb0589B94E1c943AB0AEE451ea929aEAA5d8a0faa
kol 0xF76e56c43A6ddB029Bf0E5a804576bf08027E455
banker approve 0xc84e133edf055de4d654c41c54665cfd73b06605400e08cb16f4cfba0df0ef4b 1
buyer approve 0xd1761424ccdded1143d94d3fdcf0a90028b9a9aa6713ee890cb3565acbdd2fd2 1
buyer2 approve 0xc33a5ad07d40a39bc18801db27764b9841b1835ea735978b219b0b8c7d99ea16 1
tokend owned by  0x0EA0281db722F5642457B5E785dda24eA75f6149
1 accept offer 0xd8994347ecebc1efd21d2b62fba5ca3522a5698178120c3832a82c78f99b5246
1 Status 1
2 accept offer 0x5667dec485e9a926f38625caaac01f3e75d0bf553ca73f33bc03d4a3fbb344eb
2 Status 1
3 accept offer 0xea7e27ec97fd413d10d1407418d59557d1db33c3787045cf34eb73747e8315fb
3 Status 1
1 accept offer 0x94538d14086cb92f59baafad9cb0c25c699ba8f5df5e450d96bf34fdc9f78a4c
1 Status 1
2 accept offer 0x90f56da58523a70dc98ff4c881af2f4169102b6b56afd6fcb5b9dbd4e2993593
2 Status 1
3 accept offer 0xb35c620a3eabc3a35edeba2c44f44c810381dfa293a2c83c6f60a2ab0bba3c8f
3 Status 1
1 accept offer 0x3284581a543a55c69011603c882c756ebe660c092a0b96ea52298aa963ba4ce9
1 Status 1
2 accept offer 0x73471c339961ca9ddb635be7985c769e089222b01a0c145674369165b6f0d185
2 Status 1
3 accept offer 0xee57567b6d275beec7db0c9eea66d94d609687eec045a0f5fa830b05bcf8da82
3 Status 1
DONE


Aprove Project
connected to  host=localhost user=postgres password=P@ssword1 port=5432 sslmode=disable dbname='minty-demo' connect_timeout=10
2  projects found
Not  Moon Gallery ( 5 )
Moons
Approving  Moons by Virgo
0xfe6DC34f1a64A321638085365BD6E2D36e9A6D96 0x65227abceeb8340223cb2b2f27284799f09f76eb995382064e6403353814f002
deployed at  0xfe6DC34f1a64A321638085365BD6E2D36e9A6D96
connected to  host=localhost user=postgres password=P@ssword1 port=5432 sslmode=disable dbname='minty-demo' connect_timeout=10
update  6 with 0xfe6DC34f1a64A321638085365BD6E2D36e9A6D96
database updated


Aprove Project
connected to  host=localhost user=postgres password=P@ssword1 port=5432 sslmode=disable dbname='minty-demo' connect_timeout=10
2  projects found
Not  ATDL ( 9 )
AE
Approving  AE by seri
0xf377DD7e30Fe5A090F4636d5D7D8e08857fe8987 0x91bd5fd93d622fe24afce4df2f3b69a81f62184c225e1db42a1e163535b2f220
deployed at  0xf377DD7e30Fe5A090F4636d5D7D8e08857fe8987
connected to  host=localhost user=postgres password=P@ssword1 port=5432 sslmode=disable dbname='minty-demo' connect_timeout=10
update  10 with 0xf377DD7e30Fe5A090F4636d5D7D8e08857fe8987
database updated


Aprove Project
connected to  host=localhost user=postgres password=P@ssword1 port=5432 sslmode=disable dbname='minty-demo' connect_timeout=10
1  projects found
Bitchcoin
Approving  Bitchcoin by Hamirul
0x6702cB364d2C07E657D83d35d924A962873CFe5F 0x74a05f643ab98aedf54e10a739fc1288e1f9d386fe11d2387d51734551402e88
deployed at  0x6702cB364d2C07E657D83d35d924A962873CFe5F
connected to  host=localhost user=postgres password=P@ssword1 port=5432 sslmode=disable dbname='minty-demo' connect_timeout=10
update  11 with 0x6702cB364d2C07E657D83d35d924A962873CFe5F
database updated

Aprove Project
connected to  host=localhost user=postgres password=P@ssword1 port=5432 sslmode=disable dbname='minty-demo' connect_timeout=10
3  projects found
Not  test ( 7 )
Not  test ( 8 )
test project 1
Approving  test project 1 by AmirHussain
0x78E897915E9dE9F4b52878851b33E98feb628443 0xb1c6fe9f7dfefcbdd35c7f4a140ef449e61c2470f6af220cc35d55477f7d3f7d
deployed at  0x78E897915E9dE9F4b52878851b33E98feb628443
connected to  host=localhost user=postgres password=P@ssword1 port=5432 sslmode=disable dbname='minty-demo' connect_timeout=10
update  12 with 0x78E897915E9dE9F4b52878851b33E98feb628443
database updated

LIVE

Banker 0xA45cb6B905F14b4B38bf76d79445304b5C2F355f  balance  0.457009037890533678
buyer 0x64b09c8Dbbcd2aC30A52738f758BAB3983491D7c
buyer2 0xF6E2320a2ca0e911F96385E8Bc0D4D3cb842CF2d
minty 0xf2e19A2Cd91FF9711a71B360472BB7157e92129b
deploying multi
deploy token 0x0C110D076E7f0CaEF33F1670945f4D8cA7D86793 0x33c3363f1695236d22dd97626fd0f91563cb6a82a6cd4ddaea21b54a336ca689
deployed at 0x0C110D076E7f0CaEF33F1670945f4D8cA7D86793 0x0C110D076E7f0CaEF33F1670945f4D8cA7D86793
Deployer address 0xA45cb6B905F14b4B38bf76d79445304b5C2F355f
yellow 0xb84c26cb06d9e414d7a93842f6309f0191914a45e059759a05462a93e4ce6312 1
pink 0x904d015cf5b9f023d3c6c3f35fdfd607de32ad47ab521eb8d829dd3a37cb8b26 1

---
000000000000000000000000a55a74b9a0e9f3e091cf56ac7241ec58bb2a323e000000000000000000000000df4837218075c62e1b631bee0a3c6e8df66cf8c80000000000000000000000000000000000000000000000000000000000000100000000000000000000000000000000000000000000000000000000000000014000000000000000000000000000000000000000000000000000000000000000960000000000000000000000000000000000000000000000000000000000000180000000000000000000000000000000000000000000000000000000000000026000000000000000000000000000000000000000000000000000000000000003400000000000000000000000000000000000000000000000000000000000000001000000000000000000000000756fe78b65a400f07b6fca2f92e0482f6dcbf25b000000000000000000000000000000000000000000000000000000000000001d596f75206e65656420746f2062652061204d494e545920706174726f6e000000000000000000000000000000000000000000000000000000000000000000000300000000000000000000000043c41e26bbb45be8b9dfabe757707004ea62663c000000000000000000000000000000000000000000000000000000000000014d0000000000000000000000000131fd54efe26b2df471182ba51cca47dd01688e00000000000000000000000000000000000000000000000000000000000002160000000000000000000000001af70e564847be46e4ba286c0b0066da8372f9020000000000000000000000000000000000000000000000000000000000000085000000000000000000000000000000000000000000000000000000000000000300000000000000000000000043c41e26bbb45be8b9dfabe757707004ea62663c000000000000000000000000000000000000000000000000000000000000014d0000000000000000000000000131fd54efe26b2df471182ba51cca47dd01688e00000000000000000000000000000000000000000000000000000000000002160000000000000000000000001af70e564847be46e4ba286c0b0066da8372f902000000000000000000000000000000000000000000000000000000000000008500000000000000000000000000000000000000000000000000000000000000034172740000000000000000000000000000000000000000000000000000000000

----

matic
owner 0xA45cb6B905F14b4B38bf76d79445304b5C2F355f
MULTI SALE 0xF63FC5757cc8e2f290AfA0c8386c800dc7cc834d 0xb7d4679a70b2afde57b0287f5bd594ef20d07f73fcb021728193fbbe494588ac
===
transfers

0 '0x2d63c971186fca13c5768819ce9251e9c70ff2d1b5e04bb50136afa4a82bd7a0'
1 '0x1fc1a3392a722138592870ffd4c4cb326cc835d4c9cc0e8a1f31f4da3f315aa5'
2 '0x9b9c0b41327b5ebd545fc13eadd105bccf213c62311bd57f1a30458f68bcc399'
3 '0xf9db05883c7e66e927f6527470f613cef7fdd116bff3e85590036f6ca2dfd9e3'
4 '0x2034b65628c20aac8e2924e028ca4f1aed14a231dc3fc07fe12461d031733e34'
5 '0xf66920bbcaff758e9a39a93475884396915d636b2679229d51bbc68c3325513e'
